// Jest Snapshot v1, https://goo.gl/fbAQLP

exports[`Square Component should render correctly 1`] = `ShallowWrapper {}`;
