// Jest Snapshot v1, https://goo.gl/fbAQLP

exports[`Game Component should render correctly 1`] = `ShallowWrapper {}`;
